// Jest Snapshot v1, https://goo.gl/fbAQLP

exports[`Testing Button Component Should match the snapshot 1`] = `
<button
  data-testid="test-button"
>
  Click Me
</button>
`;
